make: Entering directory `/usr/local/home/gyorsh/dev/ocaml/testsuite'
make[1]: Entering directory `/usr/local/home/gyorsh/dev/ocaml/testsuite/lib'
make[1]: Leaving directory `/usr/local/home/gyorsh/dev/ocaml/testsuite/lib'
Running tests from 'tests/lib-unix/common' ...
 ... testing 'cloexec.ml' with 1 (libunix) => passed
 ... testing 'cloexec.ml' with 1.1 (setup-ocamlc.byte-build-env) => passed
 ... testing 'cloexec.ml' with 1.1.1 (ocamlc.byte) => passed
 ... testing 'cloexec.ml' with 1.1.1.1 (ocamlc.byte) => passed
 ... testing 'cloexec.ml' with 1.1.1.1.1 (check-ocamlc.byte-output) => passed
 ... testing 'cloexec.ml' with 1.1.1.1.1.1 (run) => passed
 ... testing 'cloexec.ml' with 1.1.1.1.1.1.1 (check-program-output) => passed
 ... testing 'cloexec.ml' with 1.2 (setup-ocamlopt.byte-build-env) => passed
 ... testing 'cloexec.ml' with 1.2.1 (ocamlopt.byte) => passed
 ... testing 'cloexec.ml' with 1.2.1.1 (ocamlopt.byte) => passed
 ... testing 'cloexec.ml' with 1.2.1.1.1 (check-ocamlopt.byte-output) => passed
 ... testing 'cloexec.ml' with 1.2.1.1.1.1 (run) => passed
 ... testing 'cloexec.ml' with 1.2.1.1.1.1.1 (check-program-output) => passed
 ... testing 'dup2.ml' with 1 (native) => passed
 ... testing 'dup2.ml' with 2 (bytecode) => passed
 ... testing 'dup.ml' with 1 (native) => passed
 ... testing 'dup.ml' with 2 (bytecode) => passed
 ... testing 'pipe_eof.ml' with 1 (native) => passed
 ... testing 'pipe_eof.ml' with 2 (bytecode) => passed
 ... testing 'redirections.ml' with 1 (setup-ocamlc.byte-build-env) => passed
 ... testing 'redirections.ml' with 1.1 (ocamlc.byte) => passed
 ... testing 'redirections.ml' with 1.1.1 (ocamlc.byte) => passed
 ... testing 'redirections.ml' with 1.1.1.1 (check-ocamlc.byte-output) => passed
 ... testing 'redirections.ml' with 1.1.1.1.1 (run) => passed
 ... testing 'redirections.ml' with 1.1.1.1.1.1 (check-program-output) => passed
 ... testing 'redirections.ml' with 2 (setup-ocamlopt.byte-build-env) => passed
 ... testing 'redirections.ml' with 2.1 (ocamlopt.byte) => passed
 ... testing 'redirections.ml' with 2.1.1 (ocamlopt.byte) => passed
 ... testing 'redirections.ml' with 2.1.1.1 (check-ocamlopt.byte-output) => passed
 ... testing 'redirections.ml' with 2.1.1.1.1 (run) => passed
 ... testing 'redirections.ml' with 2.1.1.1.1.1 (check-program-output) => passed
 ... testing 'rename.ml' with 1 (native) => passed
 ... testing 'rename.ml' with 2 (bytecode) => passed
 ... testing 'test_unix_cmdline.ml' with 1 (setup-ocamlc.byte-build-env) => passed
 ... testing 'test_unix_cmdline.ml' with 1.1 (ocamlc.byte) => passed
 ... testing 'test_unix_cmdline.ml' with 1.1.1 (ocamlc.byte) => passed
 ... testing 'test_unix_cmdline.ml' with 1.1.1.1 (check-ocamlc.byte-output) => passed
 ... testing 'test_unix_cmdline.ml' with 1.1.1.1.1 (run) => passed
 ... testing 'test_unix_cmdline.ml' with 1.1.1.1.1.1 (check-program-output) => passed
 ... testing 'test_unix_cmdline.ml' with 2 (setup-ocamlopt.byte-build-env) => passed
 ... testing 'test_unix_cmdline.ml' with 2.1 (ocamlc.byte) => passed
 ... testing 'test_unix_cmdline.ml' with 2.1.1 (ocamlopt.byte) => passed
 ... testing 'test_unix_cmdline.ml' with 2.1.1.1 (check-ocamlopt.byte-output) => passed
 ... testing 'test_unix_cmdline.ml' with 2.1.1.1.1 (run) => passed
 ... testing 'test_unix_cmdline.ml' with 2.1.1.1.1.1 (check-program-output) => passed
 ... testing 'utimes.ml' with 1 (native) => passed
 ... testing 'utimes.ml' with 2 (bytecode) => passed
 ... testing 'wait_nohang.ml' with 1 (native) => passed
 ... testing 'wait_nohang.ml' with 2 (bytecode) => passed
make: Leaving directory `/usr/local/home/gyorsh/dev/ocaml/testsuite'
